Archive member included to satisfy reference by file (symbol)

C:/ST/STM32CubeIDE_1.19.0/STM32CubeIDE/plugins/com.st.stm32cube.ide.mcu.externaltools.gnu-tools-for-stm32.13.3.rel1.win32_1.0.0.202411081344/tools/bin/../lib/gcc/arm-none-eabi/13.3.1/../../../../arm-none-eabi/lib/thumb/v7-m/nofp\libc_nano.a(libc_a-exit.o)
                              C:/ST/STM32CubeIDE_1.19.0/STM32CubeIDE/plugins/com.st.stm32cube.ide.mcu.externaltools.gnu-tools-for-stm32.13.3.rel1.win32_1.0.0.202411081344/tools/bin/../lib/gcc/arm-none-eabi/13.3.1/../../../../arm-none-eabi/lib/thumb/v7-m/nofp/crt0.o (exit)
C:/ST/STM32CubeIDE_1.19.0/STM32CubeIDE/plugins/com.st.stm32cube.ide.mcu.externaltools.gnu-tools-for-stm32.13.3.rel1.win32_1.0.0.202411081344/tools/bin/../lib/gcc/arm-none-eabi/13.3.1/../../../../arm-none-eabi/lib/thumb/v7-m/nofp\libc_nano.a(libc_a-findfp.o)
                              C:/ST/STM32CubeIDE_1.19.0/STM32CubeIDE/plugins/com.st.stm32cube.ide.mcu.externaltools.gnu-tools-for-stm32.13.3.rel1.win32_1.0.0.202411081344/tools/bin/../lib/gcc/arm-none-eabi/13.3.1/../../../../arm-none-eabi/lib/thumb/v7-m/nofp\libc_nano.a(libc_a-exit.o) (__stdio_exit_handler)
C:/ST/STM32CubeIDE_1.19.0/STM32CubeIDE/plugins/com.st.stm32cube.ide.mcu.externaltools.gnu-tools-for-stm32.13.3.rel1.win32_1.0.0.202411081344/tools/bin/../lib/gcc/arm-none-eabi/13.3.1/../../../../arm-none-eabi/lib/thumb/v7-m/nofp\libc_nano.a(libc_a-fwalk.o)
                              C:/ST/STM32CubeIDE_1.19.0/STM32CubeIDE/plugins/com.st.stm32cube.ide.mcu.externaltools.gnu-tools-for-stm32.13.3.rel1.win32_1.0.0.202411081344/tools/bin/../lib/gcc/arm-none-eabi/13.3.1/../../../../arm-none-eabi/lib/thumb/v7-m/nofp\libc_nano.a(libc_a-findfp.o) (_fwalk_sglue)
C:/ST/STM32CubeIDE_1.19.0/STM32CubeIDE/plugins/com.st.stm32cube.ide.mcu.externaltools.gnu-tools-for-stm32.13.3.rel1.win32_1.0.0.202411081344/tools/bin/../lib/gcc/arm-none-eabi/13.3.1/../../../../arm-none-eabi/lib/thumb/v7-m/nofp\libc_nano.a(libc_a-stdio.o)
                              C:/ST/STM32CubeIDE_1.19.0/STM32CubeIDE/plugins/com.st.stm32cube.ide.mcu.externaltools.gnu-tools-for-stm32.13.3.rel1.win32_1.0.0.202411081344/tools/bin/../lib/gcc/arm-none-eabi/13.3.1/../../../../arm-none-eabi/lib/thumb/v7-m/nofp\libc_nano.a(libc_a-findfp.o) (__sread)
C:/ST/STM32CubeIDE_1.19.0/STM32CubeIDE/plugins/com.st.stm32cube.ide.mcu.externaltools.gnu-tools-for-stm32.13.3.rel1.win32_1.0.0.202411081344/tools/bin/../lib/gcc/arm-none-eabi/13.3.1/../../../../arm-none-eabi/lib/thumb/v7-m/nofp\libc_nano.a(libc_a-memset.o)
                              C:/ST/STM32CubeIDE_1.19.0/STM32CubeIDE/plugins/com.st.stm32cube.ide.mcu.externaltools.gnu-tools-for-stm32.13.3.rel1.win32_1.0.0.202411081344/tools/bin/../lib/gcc/arm-none-eabi/13.3.1/../../../../arm-none-eabi/lib/thumb/v7-m/nofp/crt0.o (memset)
C:/ST/STM32CubeIDE_1.19.0/STM32CubeIDE/plugins/com.st.stm32cube.ide.mcu.externaltools.gnu-tools-for-stm32.13.3.rel1.win32_1.0.0.202411081344/tools/bin/../lib/gcc/arm-none-eabi/13.3.1/../../../../arm-none-eabi/lib/thumb/v7-m/nofp\libc_nano.a(libc_a-closer.o)
                              C:/ST/STM32CubeIDE_1.19.0/STM32CubeIDE/plugins/com.st.stm32cube.ide.mcu.externaltools.gnu-tools-for-stm32.13.3.rel1.win32_1.0.0.202411081344/tools/bin/../lib/gcc/arm-none-eabi/13.3.1/../../../../arm-none-eabi/lib/thumb/v7-m/nofp\libc_nano.a(libc_a-stdio.o) (_close_r)
C:/ST/STM32CubeIDE_1.19.0/STM32CubeIDE/plugins/com.st.stm32cube.ide.mcu.externaltools.gnu-tools-for-stm32.13.3.rel1.win32_1.0.0.202411081344/tools/bin/../lib/gcc/arm-none-eabi/13.3.1/../../../../arm-none-eabi/lib/thumb/v7-m/nofp\libc_nano.a(libc_a-reent.o)
                              C:/ST/STM32CubeIDE_1.19.0/STM32CubeIDE/plugins/com.st.stm32cube.ide.mcu.externaltools.gnu-tools-for-stm32.13.3.rel1.win32_1.0.0.202411081344/tools/bin/../lib/gcc/arm-none-eabi/13.3.1/../../../../arm-none-eabi/lib/thumb/v7-m/nofp\libc_nano.a(libc_a-closer.o) (errno)
C:/ST/STM32CubeIDE_1.19.0/STM32CubeIDE/plugins/com.st.stm32cube.ide.mcu.externaltools.gnu-tools-for-stm32.13.3.rel1.win32_1.0.0.202411081344/tools/bin/../lib/gcc/arm-none-eabi/13.3.1/../../../../arm-none-eabi/lib/thumb/v7-m/nofp\libc_nano.a(libc_a-impure.o)
                              C:/ST/STM32CubeIDE_1.19.0/STM32CubeIDE/plugins/com.st.stm32cube.ide.mcu.externaltools.gnu-tools-for-stm32.13.3.rel1.win32_1.0.0.202411081344/tools/bin/../lib/gcc/arm-none-eabi/13.3.1/../../../../arm-none-eabi/lib/thumb/v7-m/nofp\libc_nano.a(libc_a-reent.o) (_impure_ptr)
C:/ST/STM32CubeIDE_1.19.0/STM32CubeIDE/plugins/com.st.stm32cube.ide.mcu.externaltools.gnu-tools-for-stm32.13.3.rel1.win32_1.0.0.202411081344/tools/bin/../lib/gcc/arm-none-eabi/13.3.1/../../../../arm-none-eabi/lib/thumb/v7-m/nofp\libc_nano.a(libc_a-lseekr.o)
[...]
Memory Configuration

Name             Origin             Length             Attributes
RAM              0x20000000         0x00005000         xrw
FLASH            0x08000000         0x00010000         xr
*default*        0x00000000         0xffffffff

Linker script and memory map

LOAD C:/ST/STM32CubeIDE_1.19.0/STM32CubeIDE/plugins/com.st.stm32cube.ide.mcu.externaltools.gnu-tools-for-stm32.13.3.rel1.win32_1.0.0.202411081344/tools/bin/../lib/gcc/arm-none-eabi/13.3.1/thumb/v7-m/nofp/crti.o
LOAD C:/ST/STM32CubeIDE_1.19.0/STM32CubeIDE/plugins/com.st.stm32cube.ide.mcu.externaltools.gnu-tools-for-stm32.13.3.rel1.win32_1.0.0.202411081344/tools/bin/../lib/gcc/arm-none-eabi/13.3.1/thumb/v7-m/nofp/crtbegin.o
LOAD C:/ST/STM32CubeIDE_1.19.0/STM32CubeIDE/plugins/com.st.stm32cube.ide.mcu.externaltools.gnu-tools-for-stm32.13.3.rel1.win32_1.0.0.202411081344/tools/bin/../lib/gcc/arm-none-eabi/13.3.1/../../../../arm-none-eabi/lib/thumb/v7-m/nofp/crt0.o
LOAD ./Core/Src/main.o
LOAD ./Core/Src/stm32f1xx_hal_msp.o
LOAD ./Core/Src/stm32f1xx_it.o
LOAD ./Core/Src/syscalls.o
LOAD ./Core/Src/sysmem.o
LOAD ./Core/Src/system_stm32f1xx.o
LOAD ./Core/Startup/startup_stm32f103c8tx.o
LOAD ./Drivers/STM32F1xx_HAL_Driver/Src/stm32f1xx_hal.o
LOAD ./Drivers/STM32F1xx_HAL_Driver/Src/stm32f1xx_hal_adc.o
LOAD ./Drivers/STM32F1xx_HAL_Driver/Src/stm32f1xx_hal_adc_ex.o
LOAD ./Drivers/STM32F1xx_HAL_Driver/Src/stm32f1xx_hal_can.o
LOAD ./Drivers/STM32F1xx_HAL_Driver/Src/stm32f1xx_hal_cortex.o
LOAD ./Drivers/STM32F1xx_HAL_Driver/Src/stm32f1xx_hal_dma.o
LOAD ./Drivers/STM32F1xx_HAL_Driver/Src/stm32f1xx_hal_exti.o
LOAD ./Drivers/STM32F1xx_HAL_Driver/Src/stm32f1xx_hal_flash.o
LOAD ./Drivers/STM32F1xx_HAL_Driver/Src/stm32f1xx_hal_flash_ex.o
LOAD ./Drivers/STM32F1xx_HAL_Driver/Src/stm32f1xx_hal_gpio.o
LOAD ./Drivers/STM32F1xx_HAL_Driver/Src/stm32f1xx_hal_gpio_ex.o
LOAD ./Drivers/STM32F1xx_HAL_Driver/Src/stm32f1xx_hal_pwr.o
LOAD ./Drivers/STM32F1xx_HAL_Driver/Src/stm32f1xx_hal_rcc.o
LOAD ./Drivers/STM32F1xx_HAL_Driver/Src/stm32f1xx_hal_rcc_ex.o
START GROUP
LOAD C:/ST/STM32CubeIDE_1.19.0/STM32CubeIDE/plugins/com.st.stm32cube.ide.mcu.externaltools.gnu-tools-for-stm32.13.3.rel1.win32_1.0.0.202411081344/tools/bin/../lib/gcc/arm-none-eabi/13.3.1/../../../../arm-none-eabi/lib/thumb/v7-m/nofp\libc_nano.a
LOAD C:/ST/STM32CubeIDE_1.19.0/STM32CubeIDE/plugins/com.st.stm32cube.ide.mcu.externaltools.gnu-tools-for-stm32.13.3.rel1.win32_1.0.0.202411081344/tools/bin/../lib/gcc/arm-none-eabi/13.3.1/../../../../arm-none-eabi/lib/thumb/v7-m/nofp\libm.a
END GROUP
START GROUP
LOAD C:/ST/STM32CubeIDE_1.19.0/STM32CubeIDE/plugins/com.st.stm32cube.ide.mcu.externaltools.gnu-tools-for-stm32.13.3.rel1.win32_1.0.0.202411081344/tools/bin/../lib/gcc/arm-none-eabi/13.3.1/thumb/v7-m/nofp\libgcc.a
LOAD C:/ST/STM32CubeIDE_1.19.0/STM32CubeIDE/plugins/com.st.stm32cube.ide.mcu.externaltools.gnu-tools-for-stm32.13.3.rel1.win32_1.0.0.202411081344/tools/bin/../lib/gcc/arm-none-eabi/13.3.1/../../../../arm-none-eabi/lib/thumb/v7-m/nofp\libc_nano.a
END GROUP
START GROUP
LOAD C:/ST/STM32CubeIDE_1.19.0/STM32CubeIDE/plugins/com.st.stm32cube.ide.mcu.externaltools.gnu-tools-for-stm32.13.3.rel1.win32_1.0.0.202411081344/tools/bin/../lib/gcc/arm-none-eabi/13.3.1/thumb/v7-m/nofp\libgcc.a
LOAD C:/ST/STM32CubeIDE_1.19.0/STM32CubeIDE/plugins/com.st.stm32cube.ide.mcu.externaltools.gnu-tools-for-stm32.13.3.rel1.win32_1.0.0.202411081344/tools/bin/../lib/gcc/arm-none-eabi/13.3.1/../../../../arm-none-eabi/lib/thumb/v7-m/nofp\libc_nano.a
LOAD C:/ST/STM32CubeIDE_1.19.0/STM32CubeIDE/plugins/com.st.stm32cube.ide.mcu.externaltools.gnu-tools-for-stm32.13.3.rel1.win32_1.0.0.202411081344/tools/bin/../lib/gcc/arm-none-eabi/13.3.1/../../../../arm-none-eabi/lib/thumb/v7-m/nofp\libnosys.a
END GROUP
START GROUP
LOAD C:/ST/STM32CubeIDE_1.19.0/STM32CubeIDE/plugins/com.st.stm32cube.ide.mcu.externaltools.gnu-tools-for-stm32.13.3.rel1.win32_1.0.0.202411081344/tools/bin/../lib/gcc/arm-none-eabi/13.3.1/thumb/v7-m/nofp\libgcc.a
LOAD C:/ST/STM32CubeIDE_1.19.0/STM32CubeIDE/plugins/com.st.stm32cube.ide.mcu.externaltools.gnu-tools-for-stm32.13.3.rel1.win32_1.0.0.202411081344/tools/bin/../lib/gcc/arm-none-eabi/13.3.1/../../../../arm-none-eabi/lib/thumb/v7-m/nofp\libc_nano.a
LOAD C:/ST/STM32CubeIDE_1.19.0/STM32CubeIDE/plugins/com.st.stm32cube.ide.mcu.externaltools.gnu-tools-for-stm32.13.3.rel1.win32_1.0.0.202411081344/tools/bin/../lib/gcc/arm-none-eabi/13.3.1/../../../../arm-none-eabi/lib/thumb/v7-m/nofp\libnosys.a
END GROUP
LOAD C:/ST/STM32CubeIDE_1.19.0/STM32CubeIDE/plugins/com.st.stm32cube.ide.mcu.externaltools.gnu-tools-for-stm32.13.3.rel1.win32_1.0.0.202411081344/tools/bin/../lib/gcc/arm-none-eabi/13.3.1/thumb/v7-m/nofp/crtend.o
LOAD C:/ST/STM32CubeIDE_1.19.0/STM32CubeIDE/plugins/com.st.stm32cube.ide.mcu.externaltools.gnu-tools-for-stm32.13.3.rel1.win32_1.0.0.202411081344/tools/bin/../lib/gcc/arm-none-eabi/13.3.1/thumb/v7-m/nofp/crtn.o
                0x20005000                        _estack = (ORIGIN (RAM) + LENGTH (RAM))
                0x00000200                        _Min_Heap_Size = 0x200
                0x00000400                        _Min_Stack_Size = 0x400

.isr_vector     0x08000000      0x10c
                0x08000000                        . = ALIGN (0x4)
 *(.isr_vector)
 .isr_vector    0x08000000      0x10c ./Core/Startup/startup_stm32f103c8tx.o
                0x08000000                g_pfnVectors
                0x0800010c                        . = ALIGN (0x4)

.text           0x0800010c     0x22b8
                0x0800010c                        . = ALIGN (0x4)
 *(.text)
 .text          0x0800010c       0x40 C:/ST/STM32CubeIDE_1.19.0/STM32CubeIDE/plugins/com.st.stm32cube.ide.mcu.externaltools.gnu-tools-for-stm32.13.3.rel1.win32_1.0.0.202411081344/tools/bin/../lib/gcc/arm-none-eabi/13.3.1/thumb/v7-m/nofp/crtbegin.o
 *(.text*)
 .text.main     0x0800014c       0x94 ./Core/Src/main.o
                0x0800014c                main
 .text.SystemClock_Config
                0x080001e0       0xb6 ./Core/Src/main.o
                0x080001e0                SystemClock_Config
 *fill*         0x08000296        0x2 
 .text.MX_ADC1_Init
                0x08000298       0x7c ./Core/Src/main.o
 .text.MX_CAN_Init
                0x08000314       0x6c ./Core/Src/main.o
 .text.MX_GPIO_Init
                0x08000380       0x5c ./Core/Src/main.o
 .text.Error_Handler
                0x080003dc        0xc ./Core/Src/main.o
                0x080003dc                Error_Handler
 .text.HAL_MspInit
                0x080003e8       0x64 ./Core/Src/stm32f1xx_hal_msp.o
                0x080003e8                HAL_MspInit
 .text.HAL_ADC_MspInit
                0x0800044c       0x78 ./Core/Src/stm32f1xx_hal_msp.o
                0x0800044c                HAL_ADC_MspInit
 .text.HAL_CAN_MspInit
                0x080004c4       0xc0 ./Core/Src/stm32f1xx_hal_msp.o
                0x080004c4                HAL_CAN_MspInit
 .text.NMI_Handler
                0x08000584        0x8 ./Core/Src/stm32f1xx_it.o
                0x08000584                NMI_Handler
 .text.HardFault_Handler
                0x0800058c        0x8 ./Core/Src/stm32f1xx_it.o
                0x0800058c                HardFault_Handler
 .text.MemManage_Handler
                0x08000594        0x8 ./Core/Src/stm32f1xx_it.o
                0x08000594                MemManage_Handler
 .text.BusFault_Handler
                0x0800059c        0x8 ./Core/Src/stm32f1xx_it.o
                0x0800059c                BusFault_Handler
 .text.UsageFault_Handler
                0x080005a4        0x8 ./Core/Src/stm32f1xx_it.o
                0x080005a4                UsageFault_Handler
 .text.SVC_Handler
                0x080005ac        0xc ./Core/Src/stm32f1xx_it.o
                0x080005ac                SVC_Handler
 .text.DebugMon_Handler
                0x080005b8        0xc ./Core/Src/stm32f1xx_it.o
                0x080005b8                DebugMon_Handler
 .text.PendSV_Handler
                0x080005c4        0xc ./Core/Src/stm32f1xx_it.o
                0x080005c4                PendSV_Handler
 .text.SysTick_Handler
                0x080005d0        0xc ./Core/Src/stm32f1xx_it.o
                0x080005d0                SysTick_Handler
 .text.SystemInit
                0x080005dc        0xc ./Core/Src/system_stm32f1xx.o
                0x080005dc                SystemInit
 .text.Reset_Handler
                0x080005e8       0x48 ./Core/Startup/startup_stm32f103c8tx.o
                0x080005e8                Reset_Handler
 .text.Default_Handler
                0x08000630        0x2 ./Core/Startup/startup_stm32f103c8tx.o
                0x08000630                RTC_Alarm_IRQHandler
                0x08000630                EXTI2_IRQHandler
                0x08000630                TIM1_CC_IRQHandler
                0x08000630                PVD_IRQHandler
                0x08000630                EXTI3_IRQHandler
                0x08000630                EXTI0_IRQHandler
                0x08000630                I2C2_EV_IRQHandler
                0x08000630                ADC1_2_IRQHandler
                0x08000630                SPI1_IRQHandler
                0x08000630                TAMPER_IRQHandler
                0x08000630                DMA1_Channel4_IRQHandler
                0x08000630                USART3_IRQHandler
                0x08000630                RTC_IRQHandler
                0x08000630                DMA1_Channel7_IRQHandler
                0x08000630                CAN1_RX1_IRQHandler
                0x08000630                TIM4_IRQHandler
                0x08000630                I2C1_EV_IRQHandler
                0x08000630                DMA1_Channel6_IRQHandler
                0x08000630                TIM3_IRQHandler
                0x08000630                RCC_IRQHandler
                0x08000630                TIM1_TRG_COM_IRQHandler
                0x08000630                DMA1_Channel1_IRQHandler
                0x08000630                Default_Handler
                0x08000630                EXTI15_10_IRQHandler
                0x08000630                EXTI9_5_IRQHandler
                0x08000630                SPI2_IRQHandler
                0x08000630                DMA1_Channel5_IRQHandler
                0x08000630                EXTI4_IRQHandler
                0x08000630                USB_LP_CAN1_RX0_IRQHandler
                0x08000630                USB_HP_CAN1_TX_IRQHandler
                0x08000630                DMA1_Channel3_IRQHandler
                0x08000630                TIM1_UP_IRQHandler
                0x08000630                WWDG_IRQHandler
                0x08000630                TIM2_IRQHandler
                0x08000630                TIM1_BRK_IRQHandler
                0x08000630                EXTI1_IRQHandler
                0x08000630                USART2_IRQHandler
                0x08000630                I2C2_ER_IRQHandler
                0x08000630                DMA1_Channel2_IRQHandler
                0x08000630                CAN1_SCE_IRQHandler
                0x08000630                FLASH_IRQHandler
                0x08000630                USART1_IRQHandler
                0x08000630                I2C1_ER_IRQHandler
                0x08000630                USBWakeUp_IRQHandler
 *fill*         0x08000632        0x2 
 .text.HAL_Init
                0x08000634       0x2c ./Drivers/STM32F1xx_HAL_Driver/Src/stm32f1xx_hal.o
                0x08000634                HAL_Init
 .text.HAL_InitTick
                0x08000660       0x60 ./Drivers/STM32F1xx_HAL_Driver/Src/stm32f1xx_hal.o
                0x08000660                HAL_InitTick
 .text.HAL_IncTick
                0x080006c0       0x24 ./Drivers/STM32F1xx_HAL_Driver/Src/stm32f1xx_hal.o
                0x080006c0                HAL_IncTick
 .text.HAL_GetTick
                0x080006e4       0x14 ./Drivers/STM32F1xx_HAL_Driver/Src/stm32f1xx_hal.o
                0x080006e4                HAL_GetTick
 .text.HAL_Delay
                0x080006f8       0x48 ./Drivers/STM32F1xx_HAL_Driver/Src/stm32f1xx_hal.o
                0x080006f8                HAL_Delay
 .text.HAL_ADC_Init
                0x08000740      0x1b0 ./Drivers/STM32F1xx_HAL_Driver/Src/stm32f1xx_hal_adc.o
                0x08000740                HAL_ADC_Init
 .text.HAL_ADC_Start
                0x080008f0      0x15c ./Drivers/STM32F1xx_HAL_Driver/Src/stm32f1xx_hal_adc.o
                0x080008f0                HAL_ADC_Start
 .text.HAL_ADC_PollForConversion
                0x08000a4c      0x20c ./Drivers/STM32F1xx_HAL_Driver/Src/stm32f1xx_hal_adc.o
                0x08000a4c                HAL_ADC_PollForConversion
 .text.HAL_ADC_GetValue
                0x08000c58       0x18 ./Drivers/STM32F1xx_HAL_Driver/Src/stm32f1xx_hal_adc.o
                0x08000c58                HAL_ADC_GetValue
 .text.HAL_ADC_ConfigChannel
                0x08000c70      0x1f0 ./Drivers/STM32F1xx_HAL_Driver/Src/stm32f1xx_hal_adc.o
                0x08000c70                HAL_ADC_ConfigChannel
 .text.ADC_Enable
                0x08000e60       0xb4 ./Drivers/STM32F1xx_HAL_Driver/Src/stm32f1xx_hal_adc.o
                0x08000e60                ADC_Enable
 .text.ADC_ConversionStop_Disable
                0x08000f14       0x82 ./Drivers/STM32F1xx_HAL_Driver/Src/stm32f1xx_hal_adc.o
                0x08000f14                ADC_ConversionStop_Disable
 .text.HAL_CAN_Init
                0x08000f96      0x1f6 ./Drivers/STM32F1xx_HAL_Driver/Src/stm32f1xx_hal_can.o
                0x08000f96                HAL_CAN_Init
 .text.HAL_CAN_Start
                0x0800118c       0x88 ./Drivers/STM32F1xx_HAL_Driver/Src/stm32f1xx_hal_can.o
                0x0800118c                HAL_CAN_Start
 .text.HAL_CAN_AddTxMessage
                0x08001214      0x19e ./Drivers/STM32F1xx_HAL_Driver/Src/stm32f1xx_hal_can.o
                0x08001214                HAL_CAN_AddTxMessage
 *fill*         0x080013b2        0x2 
 .text.__NVIC_SetPriorityGrouping
                0x080013b4       0x48 ./Drivers/STM32F1xx_HAL_Driver/Src/stm32f1xx_hal_cortex.o
 .text.__NVIC_GetPriorityGrouping
                0x080013fc       0x1c ./Drivers/STM32F1xx_HAL_Driver/Src/stm32f1xx_hal_cortex.o
 .text.__NVIC_SetPriority
                0x08001418       0x54 ./Drivers/STM32F1xx_HAL_Driver/Src/stm32f1xx_hal_cortex.o
 .text.NVIC_EncodePriority
                0x0800146c       0x64 ./Drivers/STM32F1xx_HAL_Driver/Src/stm32f1xx_hal_cortex.o
 .text.SysTick_Config
                0x080014d0       0x44 ./Drivers/STM32F1xx_HAL_Driver/Src/stm32f1xx_hal_cortex.o
 .text.HAL_NVIC_SetPriorityGrouping
                0x08001514       0x16 ./Drivers/STM32F1xx_HAL_Driver/Src/stm32f1xx_hal_cortex.o
                0x08001514                HAL_NVIC_SetPriorityGrouping
 .text.HAL_NVIC_SetPriority
                0x0800152a       0x38 ./Drivers/STM32F1xx_HAL_Driver/Src/stm32f1xx_hal_cortex.o
                0x0800152a                HAL_NVIC_SetPriority
 .text.HAL_SYSTICK_Config
                0x08001562       0x18 ./Drivers/STM32F1xx_HAL_Driver/Src/stm32f1xx_hal_cortex.o
                0x08001562                HAL_SYSTICK_Config
 *fill*         0x0800157a        0x2 
 .text.HAL_GPIO_Init
                0x0800157c      0x308 ./Drivers/STM32F1xx_HAL_Driver/Src/stm32f1xx_hal_gpio.o
                0x0800157c                HAL_GPIO_Init
 .text.HAL_RCC_OscConfig
                0x08001884      0x504 ./Drivers/STM32F1xx_HAL_Driver/Src/stm32f1xx_hal_rcc.o
                0x08001884                HAL_RCC_OscConfig
 .text.HAL_RCC_ClockConfig
                0x08001d88      0x1d4 ./Drivers/STM32F1xx_HAL_Driver/Src/stm32f1xx_hal_rcc.o
                0x08001d88                HAL_RCC_ClockConfig
 .text.HAL_RCC_GetSysClockFreq
                0x08001f5c       0xa8 ./Drivers/STM32F1xx_HAL_Driver/Src/stm32f1xx_hal_rcc.o
                0x08001f5c                HAL_RCC_GetSysClockFreq
 .text.HAL_RCC_GetHCLKFreq
                0x08002004       0x14 ./Drivers/STM32F1xx_HAL_Driver/Src/stm32f1xx_hal_rcc.o
                0x08002004                HAL_RCC_GetHCLKFreq
 .text.HAL_RCC_GetPCLK2Freq
                0x08002018       0x28 ./Drivers/STM32F1xx_HAL_Driver/Src/stm32f1xx_hal_rcc.o
                0x08002018                HAL_RCC_GetPCLK2Freq
 .text.RCC_Delay
                0x08002040       0x3c ./Drivers/STM32F1xx_HAL_Driver/Src/stm32f1xx_hal_rcc.o
 .text.HAL_RCCEx_PeriphCLKConfig
                0x0800207c      0x16c ./Drivers/STM32F1xx_HAL_Driver/Src/stm32f1xx_hal_rcc_ex.o
                0x0800207c                HAL_RCCEx_PeriphCLKConfig
 .text.HAL_RCCEx_GetPeriphCLKFreq
                0x080021e8      0x16c ./Drivers/STM32F1xx_HAL_Driver/Src/stm32f1xx_hal_rcc_ex.o
                0x080021e8                HAL_RCCEx_GetPeriphCLKFreq
 .text.memset   0x08002354       0x10 C:/ST/STM32CubeIDE_1.19.0/STM32CubeIDE/plugins/com.st.stm32cube.ide.mcu.externaltools.gnu-tools-for-stm32.13.3.rel1.win32_1.0.0.202411081344/tools/bin/../lib/gcc/arm-none-eabi/13.3.1/../../../../arm-none-eabi/lib/thumb/v7-m/nofp\libc_nano.a(libc_a-memset.o)
                0x08002354                memset
 .text.__libc_init_array
                0x08002364       0x48 C:/ST/STM32CubeIDE_1.19.0/STM32CubeIDE/plugins/com.st.stm32cube.ide.mcu.externaltools.gnu-tools-for-stm32.13.3.rel1.win32_1.0.0.202411081344/tools/bin/../lib/gcc/arm-none-eabi/13.3.1/../../../../arm-none-eabi/lib/thumb/v7-m/nofp\libc_nano.a(libc_a-init.o)
                0x08002364                __libc_init_array
 *(.glue_7)
 .glue_7        0x080023ac        0x0 linker stubs
 *(.glue_7t)
 .glue_7t       0x080023ac        0x0 linker stubs
 *(.eh_frame)
 .eh_frame      0x080023ac        0x0 C:/ST/STM32CubeIDE_1.19.0/STM32CubeIDE/plugins/com.st.stm32cube.ide.mcu.externaltools.gnu-tools-for-stm32.13.3.rel1.win32_1.0.0.202411081344/tools/bin/../lib/gcc/arm-none-eabi/13.3.1/thumb/v7-m/nofp/crtbegin.o
 *(.init)
 .init          0x080023ac        0x4 C:/ST/STM32CubeIDE_1.19.0/STM32CubeIDE/plugins/com.st.stm32cube.ide.mcu.externaltools.gnu-tools-for-stm32.13.3.rel1.win32_1.0.0.202411081344/tools/bin/../lib/gcc/arm-none-eabi/13.3.1/thumb/v7-m/nofp/crti.o
                0x080023ac                _init
 .init          0x080023b0        0x8 C:/ST/STM32CubeIDE_1.19.0/STM32CubeIDE/plugins/com.st.stm32cube.ide.mcu.externaltools.gnu-tools-for-stm32.13.3.rel1.win32_1.0.0.202411081344/tools/bin/../lib/gcc/arm-none-eabi/13.3.1/thumb/v7-m/nofp/crtn.o
 *(.fini)
 .fini          0x080023b8        0x4 C:/ST/STM32CubeIDE_1.19.0/STM32CubeIDE/plugins/com.st.stm32cube.ide.mcu.externaltools.gnu-tools-for-stm32.13.3.rel1.win32_1.0.0.202411081344/tools/bin/../lib/gcc/arm-none-eabi/13.3.1/thumb/v7-m/nofp/crti.o
                0x080023b8                _fini
 .fini          0x080023bc        0x8 C:/ST/STM32CubeIDE_1.19.0/STM32CubeIDE/plugins/com.st.stm32cube.ide.mcu.externaltools.gnu-tools-for-stm32.13.3.rel1.win32_1.0.0.202411081344/tools/bin/../lib/gcc/arm-none-eabi/13.3.1/thumb/v7-m/nofp/crtn.o
                0x080023c4                        . = ALIGN (0x4)
                0x080023c4                        _etext = .

.vfp11_veneer   0x080023c4        0x0
 .vfp11_veneer  0x080023c4        0x0 linker stubs

.v4_bx          0x080023c4        0x0
 .v4_bx         0x080023c4        0x0 linker stubs

.iplt           0x080023c4        0x0
 .iplt          0x080023c4        0x0 C:/ST/STM32CubeIDE_1.19.0/STM32CubeIDE/plugins/com.st.stm32cube.ide.mcu.externaltools.gnu-tools-for-stm32.13.3.rel1.win32_1.0.0.202411081344/tools/bin/../lib/gcc/arm-none-eabi/13.3.1/thumb/v7-m/nofp/crtbegin.o

.rodata         0x080023c4       0x40
                0x080023c4                        . = ALIGN (0x4)
 *(.rodata)
 *(.rodata*)
 .rodata.AHBPrescTable
                0x080023c4       0x10 ./Core/Src/system_stm32f1xx.o
                0x080023c4                AHBPrescTable
 .rodata.APBPrescTable
                0x080023d4        0x8 ./Core/Src/system_stm32f1xx.o
                0x080023d4                APBPrescTable
 .rodata.aPLLMULFactorTable.1
                0x080023dc       0x10 ./Drivers/STM32F1xx_HAL_Driver/Src/stm32f1xx_hal_rcc.o
 .rodata.aPredivFactorTable.0
                0x080023ec        0x2 ./Drivers/STM32F1xx_HAL_Driver/Src/stm32f1xx_hal_rcc.o
 *fill*         0x080023ee        0x2 
 .rodata.aPLLMULFactorTable.1
                0x080023f0       0x10 ./Drivers/STM32F1xx_HAL_Driver/Src/stm32f1xx_hal_rcc_ex.o
 .rodata.aPredivFactorTable.0
                0x08002400        0x2 ./Drivers/STM32F1xx_HAL_Driver/Src/stm32f1xx_hal_rcc_ex.o
                0x08002404                        . = ALIGN (0x4)
 *fill*         0x08002402        0x2 

.ARM.extab      0x08002404        0x0
                0x08002404                        . = ALIGN (0x4)
 *(.ARM.extab* .gnu.linkonce.armextab.*)
                0x08002404                        . = ALIGN (0x4)

.ARM            0x08002404        0x0
                0x08002404                        . = ALIGN (0x4)
                0x08002404                        __exidx_start = .
 *(.ARM.exidx*)
                0x08002404                        __exidx_end = .
                0x08002404                        . = ALIGN (0x4)

.preinit_array  0x08002404        0x0
                0x08002404                        . = ALIGN (0x4)
                0x08002404                        PROVIDE (__preinit_array_start = .)
 *(.preinit_array*)
                0x08002404                        PROVIDE (__preinit_array_end = .)
                0x08002404                        . = ALIGN (0x4)

.init_array     0x08002404        0x4
                0x08002404                        . = ALIGN (0x4)
                0x08002404                        PROVIDE (__init_array_start = .)
 *(SORT_BY_NAME(.init_array.*))
 *(.init_array*)
 .init_array    0x08002404        0x4 C:/ST/STM32CubeIDE_1.19.0/STM32CubeIDE/plugins/com.st.stm32cube.ide.mcu.externaltools.gnu-tools-for-stm32.13.3.rel1.win32_1.0.0.202411081344/tools/bin/../lib/gcc/arm-none-eabi/13.3.1/thumb/v7-m/nofp/crtbegin.o
                0x08002408                        PROVIDE (__init_array_end = .)
                0x08002408                        . = ALIGN (0x4)

.fini_array     0x08002408        0x4
                0x08002408                        . = ALIGN (0x4)
                [!provide]                        PROVIDE (__fini_array_start = .)
 *(SORT_BY_NAME(.fini_array.*))
 *(.fini_array*)
 .fini_array    0x08002408        0x4 C:/ST/STM32CubeIDE_1.19.0/STM32CubeIDE/plugins/com.st.stm32cube.ide.mcu.externaltools.gnu-tools-for-stm32.13.3.rel1.win32_1.0.0.202411081344/tools/bin/../lib/gcc/arm-none-eabi/13.3.1/thumb/v7-m/nofp/crtbegin.o
                [!provide]                        PROVIDE (__fini_array_end = .)
                0x0800240c                        . = ALIGN (0x4)
                0x0800240c                        _sidata = LOADADDR (.data)

.rel.dyn        0x0800240c        0x0
 .rel.iplt      0x0800240c        0x0 C:/ST/STM32CubeIDE_1.19.0/STM32CubeIDE/plugins/com.st.stm32cube.ide.mcu.externaltools.gnu-tools-for-stm32.13.3.rel1.win32_1.0.0.202411081344/tools/bin/../lib/gcc/arm-none-eabi/13.3.1/thumb/v7-m/nofp/crtbegin.o

.data           0x20000000       0x14 load address 0x0800240c
                0x20000000                        . = ALIGN (0x4)
                0x20000000                        _sdata = .
 *(.data)
 *(.data*)
 .data.TxData   0x20000000        0x8 ./Core/Src/main.o
                0x20000000                TxData
 .data.SystemCoreClock
                0x20000008        0x4 ./Core/Src/system_stm32f1xx.o
                0x20000008                SystemCoreClock
 .data.uwTickPrio
                0x2000000c        0x4 ./Drivers/STM32F1xx_HAL_Driver/Src/stm32f1xx_hal.o
                0x2000000c                uwTickPrio
 .data.uwTickFreq
                0x20000010        0x1 ./Drivers/STM32F1xx_HAL_Driver/Src/stm32f1xx_hal.o
                0x20000010                uwTickFreq
 *(.RamFunc)
 *(.RamFunc*)
                0x20000014                        . = ALIGN (0x4)
 *fill*         0x20000011        0x3 
                0x20000014                        _edata = .

.igot.plt       0x20000014        0x0 load address 0x08002420
 .igot.plt      0x20000014        0x0 C:/ST/STM32CubeIDE_1.19.0/STM32CubeIDE/plugins/com.st.stm32cube.ide.mcu.externaltools.gnu-tools-for-stm32.13.3.rel1.win32_1.0.0.202411081344/tools/bin/../lib/gcc/arm-none-eabi/13.3.1/thumb/v7-m/nofp/crtbegin.o
                0x20000014                        . = ALIGN (0x4)

.bss            0x20000014       0x98 load address 0x08002420
                0x20000014                        _sbss = .
                0x20000014                        __bss_start__ = _sbss
 *(.bss)
 .bss           0x20000014       0x1c C:/ST/STM32CubeIDE_1.19.0/STM32CubeIDE/plugins/com.st.stm32cube.ide.mcu.externaltools.gnu-tools-for-stm32.13.3.rel1.win32_1.0.0.202411081344/tools/bin/../lib/gcc/arm-none-eabi/13.3.1/thumb/v7-m/nofp/crtbegin.o
 *(.bss*)
 .bss.hadc1     0x20000030       0x30 ./Core/Src/main.o
                0x20000030                hadc1
 .bss.hcan      0x20000060       0x28 ./Core/Src/main.o
                0x20000060                hcan
 .bss.readValue
                0x20000088        0x2 ./Core/Src/main.o
                0x20000088                readValue
 *fill*         0x2000008a        0x2 
 .bss.TxHeader  0x2000008c       0x18 ./Core/Src/main.o
                0x2000008c                TxHeader
 .bss.TxMailbox
                0x200000a4        0x4 ./Core/Src/main.o
                0x200000a4                TxMailbox
 .bss.uwTick    0x200000a8        0x4 ./Drivers/STM32F1xx_HAL_Driver/Src/stm32f1xx_hal.o
                0x200000a8                uwTick
 *(COMMON)
                0x200000ac                        . = ALIGN (0x4)
                0x200000ac                        _ebss = .
                0x200000ac                        __bss_end__ = _ebss

._user_heap_stack
                0x200000ac      0x604 load address 0x08002420
                0x200000b0                        . = ALIGN (0x8)
 *fill*         0x200000ac        0x4 
                [!provide]                        PROVIDE (end = .)
                0x200000b0                        PROVIDE (_end = .)
                0x200002b0                        . = (. + _Min_Heap_Size)
 *fill*         0x200000b0      0x200 
                0x200006b0                        . = (. + _Min_Stack_Size)
 *fill*         0x200002b0      0x400 
                0x200006b0                        . = ALIGN (0x8)

/DISCARD/
 libc.a(*)
 libm.a(*)
 libgcc.a(*)

.ARM.attributes
                0x00000000       0x29
 *(.ARM.attributes)
 .ARM.attributes
                0x00000000       0x1d C:/ST/STM32CubeIDE_1.19.0/STM32CubeIDE/plugins/com.st.stm32cube.ide.mcu.externaltools.gnu-tools-for-stm32.13.3.rel1.win32_1.0.0.202411081344/tools/bin/../lib/gcc/arm-none-eabi/13.3.1/thumb/v7-m/nofp/crti.o
 .ARM.attributes
                0x0000001d       0x2d C:/ST/STM32CubeIDE_1.19.0/STM32CubeIDE/plugins/com.st.stm32cube.ide.mcu.externaltools.gnu-tools-for-stm32.13.3.rel1.win32_1.0.0.202411081344/tools/bin/../lib/gcc/arm-none-eabi/13.3.1/thumb/v7-m/nofp/crtbegin.o
 .ARM.attributes
                0x0000004a       0x2d ./Core/Src/main.o
 .ARM.attributes
                0x00000077       0x2d ./Core/Src/stm32f1xx_hal_msp.o
 .ARM.attributes
                0x000000a4       0x2d ./Core/Src/stm32f1xx_it.o
 .ARM.attributes
                0x000000d1       0x2d ./Core/Src/system_stm32f1xx.o
 .ARM.attributes
                0x000000fe       0x21 ./Core/Startup/startup_stm32f103c8tx.o
 .ARM.attributes
                0x0000011f       0x2d ./Drivers/STM32F1xx_HAL_Driver/Src/stm32f1xx_hal.o
 .ARM.attributes
                0x0000014c       0x2d ./Drivers/STM32F1xx_HAL_Driver/Src/stm32f1xx_hal_adc.o
 .ARM.attributes
                0x00000179       0x2d ./Drivers/STM32F1xx_HAL_Driver/Src/stm32f1xx_hal_can.o
 .ARM.attributes
                0x000001a6       0x2d ./Drivers/STM32F1xx_HAL_Driver/Src/stm32f1xx_hal_cortex.o
 .ARM.attributes
                0x000001d3       0x2d ./Drivers/STM32F1xx_HAL_Driver/Src/stm32f1xx_hal_gpio.o
 .ARM.attributes
                0x00000200       0x2d ./Drivers/STM32F1xx_HAL_Driver/Src/stm32f1xx_hal_rcc.o
 .ARM.attributes
                0x0000022d       0x2d ./Drivers/STM32F1xx_HAL_Driver/Src/stm32f1xx_hal_rcc_ex.o
 .ARM.attributes
                0x0000025a       0x2d C:/ST/STM32CubeIDE_1.19.0/STM32CubeIDE/plugins/com.st.stm32cube.ide.mcu.externaltools.gnu-tools-for-stm32.13.3.rel1.win32_1.0.0.202411081344/tools/bin/../lib/gcc/arm-none-eabi/13.3.1/../../../../arm-none-eabi/lib/thumb/v7-m/nofp\libc_nano.a(libc_a-memset.o)
 .ARM.attributes
                0x00000287       0x2d C:/ST/STM32CubeIDE_1.19.0/STM32CubeIDE/plugins/com.st.stm32cube.ide.mcu.externaltools.gnu-tools-for-stm32.13.3.rel1.win32_1.0.0.202411081344/tools/bin/../lib/gcc/arm-none-eabi/13.3.1/../../../../arm-none-eabi/lib/thumb/v7-m/nofp\libc_nano.a(libc_a-init.o)
 .ARM.attributes
                0x000002b4       0x1d C:/ST/STM32CubeIDE_1.19.0/STM32CubeIDE/plugins/com.st.stm32cube.ide.mcu.externaltools.gnu-tools-for-stm32.13.3.rel1.win32_1.0.0.202411081344/tools/bin/../lib/gcc/arm-none-eabi/13.3.1/thumb/v7-m/nofp/crtn.o
OUTPUT(cantx.elf elf32-littlearm)
LOAD linker stubs
LOAD C:/ST/STM32CubeIDE_1.19.0/STM32CubeIDE/plugins/com.st.stm32cube.ide.mcu.externaltools.gnu-tools-for-stm32.13.3.rel1.win32_1.0.0.202411081344/tools/bin/../lib/gcc/arm-none-eabi/13.3.1/../../../../arm-none-eabi/lib/thumb/v7-m/nofp\libc.a
LOAD C:/ST/STM32CubeIDE_1.19.0/STM32CubeIDE/plugins/com.st.stm32cube.ide.mcu.externaltools.gnu-tools-for-stm32.13.3.rel1.win32_1.0.0.202411081344/tools/bin/../lib/gcc/arm-none-eabi/13.3.1/../../../../arm-none-eabi/lib/thumb/v7-m/nofp\libm.a
LOAD C:/ST/STM32CubeIDE_1.19.0/STM32CubeIDE/plugins/com.st.stm32cube.ide.mcu.externaltools.gnu-tools-for-stm32.13.3.rel1.win32_1.0.0.202411081344/tools/bin/../lib/gcc/arm-none-eabi/13.3.1/thumb/v7-m/nofp\libgcc.a

.debug_info     0x00000000     0x5bdb
 .debug_info    0x00000000      0xe63 ./Core/Src/main.o
 .debug_info    0x00000e63      0xbe5 ./Core/Src/stm32f1xx_hal_msp.o
 .debug_info    0x00001a48      0x113 ./Core/Src/stm32f1xx_it.o
 .debug_info    0x00001b5b      0x222 ./Core/Src/system_stm32f1xx.o
 .debug_info    0x00001d7d       0x30 ./Core/Startup/startup_stm32f103c8tx.o
 .debug_info    0x00001dad      0x704 ./Drivers/STM32F1xx_HAL_Driver/Src/stm32f1xx_hal.o
 .debug_info    0x000024b1      0xc50 ./Drivers/STM32F1xx_HAL_Driver/Src/stm32f1xx_hal_adc.o
 .debug_info    0x00003101      0xf13 ./Drivers/STM32F1xx_HAL_Driver/Src/stm32f1xx_hal_can.o
 .debug_info    0x00004014      0xa87 ./Drivers/STM32F1xx_HAL_Driver/Src/stm32f1xx_hal_cortex.o
 .debug_info    0x00004a9b      0x5ab ./Drivers/STM32F1xx_HAL_Driver/Src/stm32f1xx_hal_gpio.o
 .debug_info    0x00005046      0x7d5 ./Drivers/STM32F1xx_HAL_Driver/Src/stm32f1xx_hal_rcc.o
 .debug_info    0x0000581b      0x3c0 ./Drivers/STM32F1xx_HAL_Driver/Src/stm32f1xx_hal_rcc_ex.o

.debug_abbrev   0x00000000     0x15ae
 .debug_abbrev  0x00000000      0x2b1 ./Core/Src/main.o
 .debug_abbrev  0x000002b1      0x1e8 ./Core/Src/stm32f1xx_hal_msp.o
 .debug_abbrev  0x00000499       0x73 ./Core/Src/stm32f1xx_it.o
 .debug_abbrev  0x0000050c      0x13f ./Core/Src/system_stm32f1xx.o
 .debug_abbrev  0x0000064b       0x24 ./Core/Startup/startup_stm32f103c8tx.o
 .debug_abbrev  0x0000066f      0x201 ./Drivers/STM32F1xx_HAL_Driver/Src/stm32f1xx_hal.o
 .debug_abbrev  0x00000870      0x225 ./Drivers/STM32F1xx_HAL_Driver/Src/stm32f1xx_hal_adc.o
 .debug_abbrev  0x00000a95      0x21c ./Drivers/STM32F1xx_HAL_Driver/Src/stm32f1xx_hal_can.o
 .debug_abbrev  0x00000cb1      0x2f8 ./Drivers/STM32F1xx_HAL_Driver/Src/stm32f1xx_hal_cortex.o
 .debug_abbrev  0x00000fa9      0x1ca ./Drivers/STM32F1xx_HAL_Driver/Src/stm32f1xx_hal_gpio.o
 .debug_abbrev  0x00001173      0x2b3 ./Drivers/STM32F1xx_HAL_Driver/Src/stm32f1xx_hal_rcc.o
 .debug_abbrev  0x00001426      0x188 ./Drivers/STM32F1xx_HAL_Driver/Src/stm32f1xx_hal_rcc_ex.o

.debug_aranges  0x00000000      0x658
 .debug_aranges
                0x00000000       0x48 ./Core/Src/main.o
 .debug_aranges
                0x00000048       0x40 ./Core/Src/stm32f1xx_hal_msp.o
 .debug_aranges
                0x00000088       0x60 ./Core/Src/stm32f1xx_it.o
 .debug_aranges
                0x000000e8       0x28 ./Core/Src/system_stm32f1xx.o
 .debug_aranges
                0x00000110       0x28 ./Core/Startup/startup_stm32f103c8tx.o
 .debug_aranges
                0x00000138       0xe0 ./Drivers/STM32F1xx_HAL_Driver/Src/stm32f1xx_hal.o
 .debug_aranges
                0x00000218       0xf0 ./Drivers/STM32F1xx_HAL_Driver/Src/stm32f1xx_hal_adc.o
 .debug_aranges
                0x00000308      0x138 ./Drivers/STM32F1xx_HAL_Driver/Src/stm32f1xx_hal_can.o
 .debug_aranges
                0x00000440      0x100 ./Drivers/STM32F1xx_HAL_Driver/Src/stm32f1xx_hal_cortex.o
 .debug_aranges
                0x00000540       0x58 ./Drivers/STM32F1xx_HAL_Driver/Src/stm32f1xx_hal_gpio.o
 .debug_aranges
                0x00000598       0x90 ./Drivers/STM32F1xx_HAL_Driver/Src/stm32f1xx_hal_rcc.o
 .debug_aranges
                0x00000628       0x30 ./Drivers/STM32F1xx_HAL_Driver/Src/stm32f1xx_hal_rcc_ex.o

.debug_rnglists
                0x00000000      0x4a8
 .debug_rnglists
                0x00000000       0x33 ./Core/Src/main.o
 .debug_rnglists
                0x00000033       0x2c ./Core/Src/stm32f1xx_hal_msp.o
 .debug_rnglists
                0x0000005f       0x43 ./Core/Src/stm32f1xx_it.o
 .debug_rnglists
                0x000000a2       0x1a ./Core/Src/system_stm32f1xx.o
 .debug_rnglists
                0x000000bc       0x19 ./Core/Startup/startup_stm32f103c8tx.o
 .debug_rnglists
                0x000000d5       0xa3 ./Drivers/STM32F1xx_HAL_Driver/Src/stm32f1xx_hal.o
 .debug_rnglists
                0x00000178       0xbc ./Drivers/STM32F1xx_HAL_Driver/Src/stm32f1xx_hal_adc.o
 .debug_rnglists
                0x00000234       0xed ./Drivers/STM32F1xx_HAL_Driver/Src/stm32f1xx_hal_can.o
 .debug_rnglists
                0x00000321       0xbb ./Drivers/STM32F1xx_HAL_Driver/Src/stm32f1xx_hal_cortex.o
 .debug_rnglists
                0x000003dc       0x3f ./Drivers/STM32F1xx_HAL_Driver/Src/stm32f1xx_hal_gpio.o
 .debug_rnglists
                0x0000041b       0x6c ./Drivers/STM32F1xx_HAL_Driver/Src/stm32f1xx_hal_rcc.o
 .debug_rnglists
                0x00000487       0x21 ./Drivers/STM32F1xx_HAL_Driver/Src/stm32f1xx_hal_rcc_ex.o

.debug_macro    0x00000000    0x1698d
 .debug_macro   0x00000000      0x1ac ./Core/Src/main.o
 .debug_macro   0x000001ac      0xacc ./Core/Src/main.o
 .debug_macro   0x00000c78      0x21b ./Core/Src/main.o
 .debug_macro   0x00000e93       0x2e ./Core/Src/main.o
 .debug_macro   0x00000ec1       0x22 ./Core/Src/main.o
 .debug_macro   0x00000ee3       0x22 ./Core/Src/main.o
 .debug_macro   0x00000f05       0x8e ./Core/Src/main.o
 .debug_macro   0x00000f93       0x51 ./Core/Src/main.o
 .debug_macro   0x00000fe4      0x103 ./Core/Src/main.o
 .debug_macro   0x000010e7       0x6a ./Core/Src/main.o
 .debug_macro   0x00001151      0x1df ./Core/Src/main.o
 .debug_macro   0x00001330       0x1c ./Core/Src/main.o
 .debug_macro   0x0000134c       0x22 ./Core/Src/main.o
 .debug_macro   0x0000136e       0xbd ./Core/Src/main.o
 .debug_macro   0x0000142b      0xd23 ./Core/Src/main.o
 .debug_macro   0x0000214e     0xe09e ./Core/Src/main.o
 .debug_macro   0x000101ec       0x6d ./Core/Src/main.o
 .debug_macro   0x00010259     0x34a2 ./Core/Src/main.o
 .debug_macro   0x000136fb      0x190 ./Core/Src/main.o
 .debug_macro   0x0001388b       0x5c ./Core/Src/main.o
 .debug_macro   0x000138e7      0x5bc ./Core/Src/main.o
 .debug_macro   0x00013ea3      0x289 ./Core/Src/main.o
 .debug_macro   0x0001412c      0x1cb ./Core/Src/main.o
 .debug_macro   0x000142f7      0x114 ./Core/Src/main.o
 .debug_macro   0x0001440b      0x1b2 ./Core/Src/main.o
 .debug_macro   0x000145bd       0x27 ./Core/Src/main.o
 .debug_macro   0x000145e4      0x136 ./Core/Src/main.o
 .debug_macro   0x0001471a      0x1bc ./Core/Src/main.o
 .debug_macro   0x000148d6       0x34 ./Core/Src/main.o
 .debug_macro   0x0001490a       0x3c ./Core/Src/main.o
 .debug_macro   0x00014946      0x408 ./Core/Src/main.o
 .debug_macro   0x00014d4e       0x57 ./Core/Src/main.o
 .debug_macro   0x00014da5      0x46a ./Core/Src/main.o
 .debug_macro   0x0001520f      0x1b5 ./Core/Src/main.o
 .debug_macro   0x000153c4       0x87 ./Core/Src/main.o
 .debug_macro   0x0001544b      0x240 ./Core/Src/main.o
 .debug_macro   0x0001568b      0x140 ./Core/Src/main.o
 .debug_macro   0x000157cb       0x83 ./Core/Src/main.o
 .debug_macro   0x0001584e      0x1ac ./Core/Src/stm32f1xx_hal_msp.o
 .debug_macro   0x000159fa      0x1b6 ./Core/Src/stm32f1xx_it.o
 .debug_macro   0x00015bb0      0x1a2 ./Core/Src/system_stm32f1xx.o
 .debug_macro   0x00015d52      0x1c6 ./Drivers/STM32F1xx_HAL_Driver/Src/stm32f1xx_hal.o
 .debug_macro   0x00015f18      0x1bf ./Drivers/STM32F1xx_HAL_Driver/Src/stm32f1xx_hal_adc.o
 .debug_macro   0x000160d7      0x1b1 ./Drivers/STM32F1xx_HAL_Driver/Src/stm32f1xx_hal_can.o
 .debug_macro   0x00016288      0x1a2 ./Drivers/STM32F1xx_HAL_Driver/Src/stm32f1xx_hal_cortex.o
 .debug_macro   0x0001642a      0x20d ./Drivers/STM32F1xx_HAL_Driver/Src/stm32f1xx_hal_gpio.o
 .debug_macro   0x00016637      0x1b4 ./Drivers/STM32F1xx_HAL_Driver/Src/stm32f1xx_hal_rcc.o
 .debug_macro   0x000167eb      0x1a2 ./Drivers/STM32F1xx_HAL_Driver/Src/stm32f1xx_hal_rcc_ex.o

.debug_line     0x00000000     0x779e
 .debug_line    0x00000000      0x856 ./Core/Src/main.o
 .debug_line    0x00000856      0x797 ./Core/Src/stm32f1xx_hal_msp.o
 .debug_line    0x00000fed      0x7aa ./Core/Src/stm32f1xx_it.o
 .debug_line    0x00001797      0x77a ./Core/Src/system_stm32f1xx.o
 .debug_line    0x00001f11       0x78 ./Core/Startup/startup_stm32f103c8tx.o
 .debug_line    0x00001f89      0x9ab ./Drivers/STM32F1xx_HAL_Driver/Src/stm32f1xx_hal.o
 .debug_line    0x00002934      0xfd0 ./Drivers/STM32F1xx_HAL_Driver/Src/stm32f1xx_hal_adc.o
 .debug_line    0x00003904     0x11a4 ./Drivers/STM32F1xx_HAL_Driver/Src/stm32f1xx_hal_can.o
 .debug_line    0x00004aa8      0xb75 ./Drivers/STM32F1xx_HAL_Driver/Src/stm32f1xx_hal_cortex.o
 .debug_line    0x0000561d      0xa08 ./Drivers/STM32F1xx_HAL_Driver/Src/stm32f1xx_hal_gpio.o
 .debug_line    0x00006025      0xe64 ./Drivers/STM32F1xx_HAL_Driver/Src/stm32f1xx_hal_rcc.o
 .debug_line    0x00006e89      0x915 ./Drivers/STM32F1xx_HAL_Driver/Src/stm32f1xx_hal_rcc_ex.o

.debug_str      0x00000000    0x83814
 .debug_str     0x00000000    0x83814 ./Core/Src/main.o
                              0x82226 (size before relaxing)
 .debug_str     0x00083814    0x81f72 ./Core/Src/stm32f1xx_hal_msp.o
 .debug_str     0x00083814    0x81986 ./Core/Src/stm32f1xx_it.o
 .debug_str     0x00083814    0x8199c ./Core/Src/system_stm32f1xx.o
 .debug_str     0x00083814       0x83 ./Core/Startup/startup_stm32f103c8tx.o
 .debug_str     0x00083814    0x820cf ./Drivers/STM32F1xx_HAL_Driver/Src/stm32f1xx_hal.o
 .debug_str     0x00083814    0x82080 ./Drivers/STM32F1xx_HAL_Driver/Src/stm32f1xx_hal_adc.o
 .debug_str     0x00083814    0x821a4 ./Drivers/STM32F1xx_HAL_Driver/Src/stm32f1xx_hal_can.o
 .debug_str     0x00083814    0x8201b ./Drivers/STM32F1xx_HAL_Driver/Src/stm32f1xx_hal_cortex.o
 .debug_str     0x00083814    0x81d22 ./Drivers/STM32F1xx_HAL_Driver/Src/stm32f1xx_hal_gpio.o
 .debug_str     0x00083814    0x81dcb ./Drivers/STM32F1xx_HAL_Driver/Src/stm32f1xx_hal_rcc.o
 .debug_str     0x00083814    0x81b1b ./Drivers/STM32F1xx_HAL_Driver/Src/stm32f1xx_hal_rcc_ex.o

.comment        0x00000000       0x43
 .comment       0x00000000       0x43 ./Core/Src/main.o
                                 0x44 (size before relaxing)
 .comment       0x00000043       0x44 ./Core/Src/stm32f1xx_hal_msp.o
 .comment       0x00000043       0x44 ./Core/Src/stm32f1xx_it.o
 .comment       0x00000043       0x44 ./Core/Src/system_stm32f1xx.o
 .comment       0x00000043       0x44 ./Drivers/STM32F1xx_HAL_Driver/Src/stm32f1xx_hal.o
 .comment       0x00000043       0x44 ./Drivers/STM32F1xx_HAL_Driver/Src/stm32f1xx_hal_adc.o
 .comment       0x00000043       0x44 ./Drivers/STM32F1xx_HAL_Driver/Src/stm32f1xx_hal_can.o
 .comment       0x00000043       0x44 ./Drivers/STM32F1xx_HAL_Driver/Src/stm32f1xx_hal_cortex.o
 .comment       0x00000043       0x44 ./Drivers/STM32F1xx_HAL_Driver/Src/stm32f1xx_hal_gpio.o
 .comment       0x00000043       0x44 ./Drivers/STM32F1xx_HAL_Driver/Src/stm32f1xx_hal_rcc.o
 .comment       0x00000043       0x44 ./Drivers/STM32F1xx_HAL_Driver/Src/stm32f1xx_hal_rcc_ex.o

.debug_frame    0x00000000     0x182c
 .debug_frame   0x00000000       0xd0 ./Core/Src/main.o
 .debug_frame   0x000000d0       0xc8 ./Core/Src/stm32f1xx_hal_msp.o
 .debug_frame   0x00000198      0x104 ./Core/Src/stm32f1xx_it.o
 .debug_frame   0x0000029c       0x58 ./Core/Src/system_stm32f1xx.o
 .debug_frame   0x000002f4      0x334 ./Drivers/STM32F1xx_HAL_Driver/Src/stm32f1xx_hal.o
 .debug_frame   0x00000628      0x40c ./Drivers/STM32F1xx_HAL_Driver/Src/stm32f1xx_hal_adc.o
 .debug_frame   0x00000a34      0x5a0 ./Drivers/STM32F1xx_HAL_Driver/Src/stm32f1xx_hal_can.o
 .debug_frame   0x00000fd4      0x428 ./Drivers/STM32F1xx_HAL_Driver/Src/stm32f1xx_hal_cortex.o
 .debug_frame   0x000013fc      0x14c ./Drivers/STM32F1xx_HAL_Driver/Src/stm32f1xx_hal_gpio.o
 .debug_frame   0x00001548      0x218 ./Drivers/STM32F1xx_HAL_Driver/Src/stm32f1xx_hal_rcc.o
 .debug_frame   0x00001760       0x80 ./Drivers/STM32F1xx_HAL_Driver/Src/stm32f1xx_hal_rcc_ex.o
 .debug_frame   0x000017e0       0x20 C:/ST/STM32CubeIDE_1.19.0/STM32CubeIDE/plugins/com.st.stm32cube.ide.mcu.externaltools.gnu-tools-for-stm32.13.3.rel1.win32_1.0.0.202411081344/tools/bin/../lib/gcc/arm-none-eabi/13.3.1/../../../../arm-none-eabi/lib/thumb/v7-m/nofp\libc_nano.a(libc_a-memset.o)
 .debug_frame   0x00001800       0x2c C:/ST/STM32CubeIDE_1.19.0/STM32CubeIDE/plugins/com.st.stm32cube.ide.mcu.externaltools.gnu-tools-for-stm32.13.3.rel1.win32_1.0.0.202411081344/tools/bin/../lib/gcc/arm-none-eabi/13.3.1/../../../../arm-none-eabi/lib/thumb/v7-m/nofp\libc_nano.a(libc_a-init.o)

.debug_line_str
                0x00000000       0x67
 .debug_line_str
                0x00000000       0x67 ./Core/Startup/startup_stm32f103c8tx.o
