../Core/Src/main.c:95:6:HAL_TIM_PeriodElapsedCallback	48	static
../Core/Src/main.c:129:9:Encoder_GetPosition	56	static
../Core/Src/main.c:157:5:abs	16	static
../Core/Src/main.c:158:7:constrain	24	static
../Core/Src/main.c:164:6:writeMotor	16	static
../Core/Src/main.c:176:6:CAN_REC	16	static
../Core/Src/main.c:208:6:HAL_CAN_RxFifo1MsgPendingCallback	16	static
../Core/Src/main.c:221:5:main	136	static
../Core/Src/main.c:362:6:SystemClock_Config	72	static
../Core/Src/main.c:402:13:MX_CAN_Init	8	static
../Core/Src/main.c:439:13:MX_TIM1_Init	80	static
../Core/Src/main.c:508:13:MX_TIM2_Init	48	static
../Core/Src/main.c:556:13:MX_TIM3_Init	48	static
../Core/Src/main.c:604:13:MX_TIM4_Init	56	static
../Core/Src/main.c:653:13:MX_GPIO_Init	40	static
../Core/Src/main.c:699:6:Error_Handler	4	static,ignoring_inline_asm
