../Drivers/CMSIS/Include/core_cm3.h:1511:22:__NVIC_EnableIRQ	16	static
../Drivers/CMSIS/Include/core_cm3.h:1639:22:__NVIC_SetPriority	16	static
../Core/Src/main.c:84:6:HAL_GPIO_EXTI_Callback	16	static
../Core/Src/main.c:93:6:TIM2_Init	8	static
../Core/Src/main.c:106:6:TIM2_IRQHandler	8	static
../Core/Src/main.c:114:11:getMicros	48	static
../Core/Src/main.c:124:10:millis	8	static
../Core/Src/main.c:125:5:abs	16	static
../Core/Src/main.c:126:7:constrain	24	static
../Core/Src/main.c:131:6:writeMotor	16	static
../Core/Src/main.c:160:5:main	104	static
../Core/Src/main.c:251:6:SystemClock_Config	72	static
../Core/Src/main.c:291:13:MX_TIM1_Init	80	static
../Core/Src/main.c:356:13:MX_USART1_UART_Init	8	static
../Core/Src/main.c:389:13:MX_GPIO_Init	40	static
../Core/Src/main.c:451:6:Error_Handler	4	static,ignoring_inline_asm
